src/agent/AccumulatorAgent.ts(25,22): error TS2352: Conversion of type 'Record<string, unknown>' to type 'AccumulatorConfig' may be a mistake because neither type sufficiently overlaps with the other. If this was intentional, convert the expression to 'unknown' first.
  Type 'Record<string, unknown>' is missing the following properties from type 'AccumulatorConfig': vaultAddress, targetMinimum, targetMaximum
src/agent/DistributorAgent.ts(28,22): error TS2352: Conversion of type 'Record<string, unknown>' to type 'DistributorConfig' may be a mistake because neither type sufficiently overlaps with the other. If this was intentional, convert the expression to 'unknown' first.
  Type 'Record<string, unknown>' is missing the following properties from type 'DistributorConfig': payments, minRequired
src/api/byoa.ts(235,58): error TS2345: Argument of type '{ metadata?: Record<string, unknown> | undefined; permissions?: { canSubmitIntents?: boolean | undefined; canModifyConfig?: boolean | undefined; canViewBalance?: boolean | undefined; ... 5 more ...; maxXemTransferredPerDay?: string | undefined; } | undefined; webhookUrl?: string | ... 1 more ... | undefined; webhook...' is not assignable to parameter of type '{ webhookUrl?: string | undefined; webhookSecret?: string | undefined; metadata?: Record<string, unknown> | undefined; permissions?: Partial<BYOAPermissions> | undefined; }'.
  Types of property 'webhookUrl' are incompatible.
    Type 'string | null | undefined' is not assignable to type 'string | undefined'.
      Type 'null' is not assignable to type 'string | undefined'.
src/api/byoa.ts(325,71): error TS2345: Argument of type '{ intents: { type: "TRANSFER_XLM" | "TRANSFER_ASSET" | "CREATE_TRUST_LINE" | "CHECK_BALANCE" | "CUSTOM" | "MANAGE_OFFER"; params: Record<string, unknown>; }[]; idempotencyKey: string; }' is not assignable to parameter of type 'BYOAIntentSubmissionRequest'.
  Types of property 'intents' are incompatible.
    Type '{ type: "TRANSFER_XLM" | "TRANSFER_ASSET" | "CREATE_TRUST_LINE" | "CHECK_BALANCE" | "CUSTOM" | "MANAGE_OFFER"; params: Record<string, unknown>; }[]' is not assignable to type '{ type: IntentType; params: Record<string, unknown>; }[]'.
      Type '{ type: "TRANSFER_XLM" | "TRANSFER_ASSET" | "CREATE_TRUST_LINE" | "CHECK_BALANCE" | "CUSTOM" | "MANAGE_OFFER"; params: Record<string, unknown>; }' is not assignable to type '{ type: IntentType; params: Record<string, unknown>; }'.
        Types of property 'type' are incompatible.
          Type '"TRANSFER_XLM" | "TRANSFER_ASSET" | "CREATE_TRUST_LINE" | "CHECK_BALANCE" | "CUSTOM" | "MANAGE_OFFER"' is not assignable to type 'IntentType'.
            Type '"MANAGE_OFFER"' is not assignable to type 'IntentType'.
src/orchestrator/Orchestrator.ts(193,30): error TS2345: Argument of type '{ code: string; issuer: string; balance: string; }' is not assignable to parameter of type 'never'.
src/orchestrator/Orchestrator.ts(205,7): error TS2322: Type 'Transaction<Memo<MemoType>, Operation[]>[]' is not assignable to type 'Transaction[]'.
  Type 'Transaction<Memo<MemoType>, Operation[]>' is missing the following properties from type 'Transaction': type, timestamp, status
src/orchestrator/Orchestrator.ts(313,13): error TS2345: Argument of type 'import("C:/Users/Admin/FLASH/backend/src/types/index").Account' is not assignable to parameter of type 'import("C:/Users/Admin/FLASH/backend/node_modules/@stellar/stellar-base/types/index").Account'.
  Type 'Account' is missing the following properties from type 'Account': accountId, sequenceNumber, incrementSequenceNumber
src/services/byoa-temp.ts(114,36): error TS2339: Property 'db' does not exist on type 'typeof BYOAAuthService'.
src/services/byoa-temp.ts(150,18): error TS2339: Property 'db' does not exist on type 'typeof BYOAAuthService'.
src/services/byoa-temp.ts(203,40): error TS2339: Property 'db' does not exist on type 'typeof BYOARateLimitService'.
src/services/byoa-temp.ts(206,36): error TS2339: Property 'db' does not exist on type 'typeof BYOARateLimitService'.
src/services/byoa-temp.ts(249,36): error TS2339: Property 'db' does not exist on type 'typeof BYOARateLimitService'.
src/services/byoa-temp.ts(266,36): error TS2339: Property 'db' does not exist on type 'typeof BYOARateLimitService'.
src/services/byoa-temp.ts(268,20): error TS2339: Property 'db' does not exist on type 'typeof BYOARateLimitService'.
src/services/byoa-temp.ts(360,20): error TS2339: Property 'db' does not exist on type 'typeof BYOAIntentService'.
src/services/byoa-temp.ts(364,39): error TS2551: Property 'idempotency_key' does not exist on type 'BYOAIntentSubmissionRequest'. Did you mean 'idempotencyKey'?
src/services/byoa-temp.ts(483,31): error TS2339: Property 'db' does not exist on type 'typeof BYOAIntentService'.
src/services/byoa-temp.ts(506,32): error TS2339: Property 'db' does not exist on type 'typeof BYOAIntentService'.
src/services/byoa-temp.ts(533,18): error TS2339: Property 'db' does not exist on type 'typeof BYOAWebhookService'.
src/services/byoa-temp.ts(577,33): error TS2339: Property 'db' does not exist on type 'typeof BYOAWebhookService'.
src/services/byoa-temp.ts(632,27): error TS2554: Expected 1 arguments, but got 0.
src/services/byoa-temp.ts(633,35): error TS2339: Property 'generateKeypair' does not exist on type 'WalletManager'.
src/services/byoa-temp.ts(640,16): error TS2339: Property 'db' does not exist on type 'typeof BYOAAgentService'.
src/services/byoa-temp.ts(657,16): error TS2339: Property 'db' does not exist on type 'typeof BYOAAgentService'.
src/services/byoa-temp.ts(665,16): error TS2339: Property 'db' does not exist on type 'typeof BYOAAgentService'.
src/services/byoa-temp.ts(669,18): error TS2339: Property 'db' does not exist on type 'typeof BYOAAgentService'.
src/services/byoa-temp.ts(701,30): error TS2339: Property 'db' does not exist on type 'typeof BYOAAgentService'.
src/services/byoa-temp.ts(704,36): error TS2339: Property 'db' does not exist on type 'typeof BYOAAgentService'.
src/services/byoa-temp.ts(713,32): error TS2339: Property 'db' does not exist on type 'typeof BYOAAgentService'.
src/services/byoa-temp.ts(748,18): error TS2339: Property 'db' does not exist on type 'typeof BYOAAgentService'.
src/services/byoa-temp.ts(755,18): error TS2339: Property 'db' does not exist on type 'typeof BYOAAgentService'.
src/services/byoa.ts(111,37): error TS2551: Property 'can_submit_intents' does not exist on type 'BYOAPermissions'. Did you mean 'canSubmitIntents'?
src/services/byoa.ts(112,36): error TS2551: Property 'can_modify_config' does not exist on type 'BYOAPermissions'. Did you mean 'canModifyConfig'?
src/services/byoa.ts(113,35): error TS2551: Property 'can_view_balance' does not exist on type 'BYOAPermissions'. Did you mean 'canViewBalance'?
src/services/byoa.ts(114,35): error TS2551: Property 'can_view_transaction_history' does not exist on type 'BYOAPermissions'. Did you mean 'canViewTransactionHistory'?
src/services/byoa.ts(134,9): error TS2561: Object literal may only specify known properties, but 'agent_id' does not exist in type '{ agentId?: string | undefined; action: string; status: "success" | "error"; ipAddress?: string | undefined; userAgent?: string | undefined; requestId?: string | undefined; metadata?: Record<...> | undefined; }'. Did you mean to write 'agentId'?
src/services/byoa.ts(164,34): error TS2551: Property 'max_intents_per_hour' does not exist on type 'BYOAPermissions'. Did you mean 'maxIntentsPerHour'?
src/services/byoa.ts(191,38): error TS2551: Property 'max_transfer_amount' does not exist on type 'BYOAPermissions'. Did you mean 'maxTransferAmount'?
src/services/byoa.ts(211,16): error TS2554: Expected 2 arguments, but got 1.
src/services/byoa.ts(278,13): error TS2561: Object literal may only specify known properties, but 'agent_id' does not exist in type '{ id: string; agentId: string; submissionId: string; idempotencyKey?: string | undefined; type: string; params: Record<string, unknown>; }'. Did you mean to write 'agentId'?
src/services/byoa.ts(280,41): error TS2551: Property 'idempotency_key' does not exist on type 'BYOAIntentSubmissionRequest'. Did you mean 'idempotencyKey'?
src/services/byoa.ts(353,18): error TS2551: Property 'agent_id' does not exist on type 'BYOAIntent'. Did you mean 'agentId'?
src/services/byoa.ts(372,16): error TS2740: Type '{ intents: BYOAIntent[]; total: number; }' is missing the following properties from type 'BYOAIntent[]': length, pop, push, concat, and 29 more.
src/services/byoa.ts(372,40): error TS2339: Property 'length' does not exist on type '{ intents: BYOAIntent[]; total: number; }'.
src/services/byoa.ts(391,16): error TS2339: Property 'createWebhookEvent' does not exist on type 'BYOADatabase'.
src/services/byoa.ts(443,37): error TS2339: Property 'generateKeypair' does not exist on type 'WalletManager'.
src/services/byoa.ts(450,9): error TS2561: Object literal may only specify known properties, but 'public_key' does not exist in type '{ id: string; name: string; description?: string | undefined; publicKey: string; secretKeyEncrypted: string; status: string; createdBy?: string | undefined; contactEmail?: string | undefined; metadata?: Record<...> | undefined; }'. Did you mean to write 'publicKey'?
src/services/byoa.ts(461,16): error TS2554: Expected 2 arguments, but got 1.
src/services/byoa.ts(471,18): error TS2339: Property 'createWebhook' does not exist on type 'BYOADatabase'.
src/services/byoa.ts(516,23): error TS2551: Property 'public_key' does not exist on type 'BYOAAgentFull'. Did you mean 'publicKey'?
src/services/byoa.ts(519,9): error TS2322: Type 'BYOAPermissions | null' is not assignable to type 'Record<string, any>'.
  Type 'null' is not assignable to type 'Record<string, any>'.
src/services/byoa.ts(526,33): error TS2339: Property 'length' does not exist on type '{ intents: BYOAIntent[]; total: number; }'.
src/services/byoa.ts(527,28): error TS2551: Property 'created_at' does not exist on type 'BYOAAgentFull'. Did you mean 'createdAt'?
src/services/byoa.ts(555,18): error TS2339: Property 'createWebhook' does not exist on type 'BYOADatabase'.
src/services/webhook-delivery.ts(101,36): error TS2339: Property 'getWebhooksByAgentId' does not exist on type 'BYOADatabase'.
src/services/webhook-delivery.ts(101,63): error TS2551: Property 'agent_id' does not exist on type 'BYOAWebhookEvent'. Did you mean 'agentId'?
src/services/webhook-delivery.ts(115,19): error TS2551: Property 'event_type' does not exist on type 'BYOAWebhookEvent'. Did you mean 'eventType'?
src/services/webhook-delivery.ts(116,23): error TS2551: Property 'agent_id' does not exist on type 'BYOAWebhookEvent'. Did you mean 'agentId'?
src/stellar/StellarClient.ts(16,3): error TS2300: Duplicate identifier 'Transaction'.
src/stellar/StellarClient.ts(19,47): error TS2300: Duplicate identifier 'Transaction'.
src/stellar/StellarClient.ts(111,11): error TS2353: Object literal may only specify known properties, and 'type' does not exist in type 'Transaction<Memo<MemoType>, Operation[]>'.
src/stellar/StellarClient.ts(140,35): error TS2339: Property 'id' does not exist on type 'Account'.
src/stellar/StellarClient.ts(140,53): error TS2339: Property 'sequence' does not exist on type 'Account'.
src/stellar/StellarClient.ts(183,35): error TS2339: Property 'id' does not exist on type 'Account'.
src/stellar/StellarClient.ts(183,53): error TS2339: Property 'sequence' does not exist on type 'Account'.
src/wallet/WalletManager.ts(37,63): error TS2554: Expected 3 arguments, but got 4.
src/wallet/WalletManager.ts(89,65): error TS2554: Expected 3 arguments, but got 4.
